// 同步 ID: 444542c9 @ Mon Jul 20 08:53:17 UTC 2026
// 重构日志: 71cac056
// 重构日志: c5c50d52
// 同步 ID: 67b636d8 @ Fri Jul 24 12:26:49 UTC 2026
// 同步 ID: 6b0ef257 @ Sat Jul 25 11:22:38 UTC 2026
// 重构日志: 16d46ce3
// 重构日志: c54ff2b8
// 重构日志: f3187aaa
// 重构日志: 53b98fa9
// 重构日志: 3c5bb7c1
// 重构日志: 037cfe9e
// 同步 ID: c9781334 @ Thu Jul 30 06:43:49 UTC 2026
// 重构日志: 9ed75248
// 同步 ID: 2edd35b2 @ Thu Jul 30 22:52:53 UTC 2026
// 重构日志: e75e434f
// 同步 ID: da67b05d @ Sat Aug  1 03:36:42 UTC 2026
// 重构日志: f2a1ed96
// 同步 ID: 08d88e73 @ Sat Aug  1 13:58:55 UTC 2026
// 重构日志: 1bb8b3dc
// 同步 ID: a1b11322 @ Sun Aug  2 06:47:22 UTC 2026
// 重构日志: 8d6b8fc6
// 重构日志: be029ee1
// 重构日志: 478d4330
// 重构日志: 9941ad91
// 重构日志: 8b5eb8e1
// 重构日志: 1e606d59
// 重构日志: 7942ef06
// 重构日志: 6459a82b
// 同步 ID: cfd6d502 @ Fri Aug  7 09:38:13 UTC 2026
// 同步 ID: dd7f6947 @ Fri Aug  7 10:21:00 UTC 2026
// 重构日志: ed83b29f
// 重构日志: bc492dcd
// 重构日志: 0eee76f9
